[vccswap.com/index.html]
[backblue.gif]
[fade.gif]
[index.html]
[vccswap.com/cdn-cgi/apps/head/-lSSG8OMGtclk7q_ITCZWl1_R1I.js]
[vccswap.com/favicon.ico]
[vccswap.com/css/reset.css]
[vccswap.com/css/bootstrap-grid.min.css]
[vccswap.com/css/animations.css]
[vccswap.com/css/perfect-scrollbar.css]
[vccswap.com/css/owl.carousel.css]
[vccswap.com/css/magnific-popup.css]
[vccswap.com/css/main3860.css]
[vccswap.com/js/modernizr.custom.js]
[vccswap.com/img/main_bg.png]
[vccswap.com/img/main_photo.svg]
[t.me/VCC_Swap.html]
[vccswap.com/img/swapicon.svg]
[vccswap.com/js/email-decode.min.js]
[vccswap.com/js/jquery-2.1.3.min.js]
[vccswap.com/js/animating.js]
[vccswap.com/js/imagesloaded.pkgd.min.js]
[vccswap.com/js/perfect-scrollbar.min.js]
[vccswap.com/js/jquery.shuffle.min.js]
[vccswap.com/js/masonry.pkgd.min.js]
[vccswap.com/js/owl.carousel.min.js]
[vccswap.com/js/jquery.magnific-popup.min.js]
[vccswap.com/js/validator.js]
[vccswap.com/js/main.js]
[vccswap.com/index.html]
[vccswap.com/css/reset.css]
[vccswap.com/css/bootstrap-grid.min.css]
[vccswap.com/css/animations.css]
[vccswap.com/css/perfect-scrollbar.css]
[vccswap.com/css/owl.video.play.png]
[vccswap.com/css/owl.carousel.css]
[vccswap.com/css/magnific-popup.css]
[vccswap.com/css/fonts/linear-icons-font/style.css]
[vccswap.com/css/main3860.css]
[vccswap.com/css/fonts/fontawesome-free-5.12.1-web/css/all.min.css]
[vccswap.com/img/main_photo.svg]
[t.me/VCC_Swap.html]
[vccswap.com/img/swapicon.svg]
[vccswap.com/css/owl.video.play.html]
[vccswap.com/css/fonts/linear-icons-font/fonts/Linearicons-Free54e9.eot]
[vccswap.com/css/fonts/linear-icons-font/fonts/Linearicons-Freed41d.eot]
[vccswap.com/css/fonts/linear-icons-font/fonts/Linearicons-Free54e9.woff2]
[vccswap.com/css/fonts/linear-icons-font/fonts/Linearicons-Free54e9.woff]
[vccswap.com/css/fonts/linear-icons-font/fonts/Linearicons-Free54e9.ttf]
[vccswap.com/css/fonts/linear-icons-font/fonts/Linearicons-Free54e9.svg]
[vccswap.com/css/fonts/linear-icons-font/style.css]
[vccswap.com/css/fonts/fontawesome-free-5.12.1-web/webfonts/fa-brands-400.eot]
[vccswap.com/css/fonts/fontawesome-free-5.12.1-web/webfonts/fa-brands-400d41d.eot]
[vccswap.com/css/fonts/fontawesome-free-5.12.1-web/webfonts/fa-brands-400.woff2]
[vccswap.com/css/fonts/fontawesome-free-5.12.1-web/webfonts/fa-brands-400.woff]
[vccswap.com/css/fonts/fontawesome-free-5.12.1-web/webfonts/fa-brands-400.ttf]
[vccswap.com/css/fonts/fontawesome-free-5.12.1-web/webfonts/fa-brands-400.svg]
[vccswap.com/css/fonts/fontawesome-free-5.12.1-web/webfonts/fa-regular-400.eot]
[vccswap.com/css/fonts/fontawesome-free-5.12.1-web/webfonts/fa-regular-400d41d.eot]
[vccswap.com/css/fonts/fontawesome-free-5.12.1-web/webfonts/fa-regular-400.woff2]
[vccswap.com/css/fonts/fontawesome-free-5.12.1-web/webfonts/fa-regular-400.woff]
[vccswap.com/css/fonts/fontawesome-free-5.12.1-web/webfonts/fa-regular-400.ttf]
[vccswap.com/css/fonts/fontawesome-free-5.12.1-web/webfonts/fa-regular-400.svg]
[vccswap.com/css/fonts/fontawesome-free-5.12.1-web/webfonts/fa-solid-900.eot]
[vccswap.com/css/fonts/fontawesome-free-5.12.1-web/webfonts/fa-solid-900d41d.eot]
[vccswap.com/css/fonts/fontawesome-free-5.12.1-web/webfonts/fa-solid-900.woff2]
[vccswap.com/css/fonts/fontawesome-free-5.12.1-web/webfonts/fa-solid-900.woff]
[vccswap.com/css/fonts/fontawesome-free-5.12.1-web/webfonts/fa-solid-900.ttf]
[vccswap.com/css/fonts/fontawesome-free-5.12.1-web/webfonts/fa-solid-900.svg]
[vccswap.com/css/fonts/fontawesome-free-5.12.1-web/css/all.min.css]
[vccswap.com/css/fonts/linear-icons-font/fonts/Linearicons-Free54e9.html]
[vccswap.com/css/fonts/linear-icons-font/fonts/Linearicons-Freed41d.html]
[vccswap.com/css/fonts/linear-icons-font/fonts/Linearicons-Free54e9-2.html]
[vccswap.com/css/fonts/linear-icons-font/fonts/Linearicons-Free54e9-3.html]
[vccswap.com/css/fonts/linear-icons-font/fonts/Linearicons-Free54e9-4.html]
[vccswap.com/css/fonts/linear-icons-font/fonts/Linearicons-Free54e9-5.html]
[vccswap.com/css/fonts/fontawesome-free-5.12.1-web/webfonts/fa-brands-400.html]
[vccswap.com/css/fonts/fontawesome-free-5.12.1-web/webfonts/fa-brands-400d41d.html]
[vccswap.com/css/fonts/fontawesome-free-5.12.1-web/webfonts/fa-brands-401.html]
[vccswap.com/css/fonts/fontawesome-free-5.12.1-web/webfonts/fa-brands-402.html]
[vccswap.com/css/fonts/fontawesome-free-5.12.1-web/webfonts/fa-brands-403.html]
[vccswap.com/css/fonts/fontawesome-free-5.12.1-web/webfonts/fa-brands-404.html]
[vccswap.com/css/fonts/fontawesome-free-5.12.1-web/webfonts/fa-regular-400.html]
[vccswap.com/css/fonts/fontawesome-free-5.12.1-web/webfonts/fa-regular-400d41d.html]
[vccswap.com/css/fonts/fontawesome-free-5.12.1-web/webfonts/fa-regular-401.html]
[vccswap.com/css/fonts/fontawesome-free-5.12.1-web/webfonts/fa-regular-402.html]
[vccswap.com/css/fonts/fontawesome-free-5.12.1-web/webfonts/fa-regular-403.html]
[vccswap.com/css/fonts/fontawesome-free-5.12.1-web/webfonts/fa-regular-404.html]
[vccswap.com/css/fonts/fontawesome-free-5.12.1-web/webfonts/fa-solid-900.html]
[vccswap.com/css/fonts/fontawesome-free-5.12.1-web/webfonts/fa-solid-900d41d.html]
[vccswap.com/css/fonts/fontawesome-free-5.12.1-web/webfonts/fa-solid-901.html]
[vccswap.com/css/fonts/fontawesome-free-5.12.1-web/webfonts/fa-solid-902.html]
[vccswap.com/css/fonts/fontawesome-free-5.12.1-web/webfonts/fa-solid-903.html]
[vccswap.com/css/fonts/fontawesome-free-5.12.1-web/webfonts/fa-solid-904.html]
